// Jest Snapshot v1, https://goo.gl/fbAQLP

exports[`calls mutations.removeCategory and throws for non admins 1`] = `"User does not have permission"`;
